2026-02-17 11:26:32,520 - INFO - Starting data load pipeline......
2026-02-17 11:26:33,355 - ERROR - Pipeline failed
2026-02-17 11:27:11,852 - INFO - Starting data load pipeline......
2026-02-17 11:27:12,641 - ERROR - Pipeline failed
2026-02-17 11:41:26,136 - INFO - Starting data load pipeline......
2026-02-17 11:41:27,040 - INFO - Database connection established
2026-02-17 11:41:27,179 - ERROR - Pipeline failed
2026-02-17 11:42:53,198 - INFO - Starting data load pipeline......
2026-02-17 11:42:54,077 - INFO - Database connection established
2026-02-17 11:42:54,408 - ERROR - Pipeline failed
2026-02-17 11:45:57,460 - INFO - Starting data load pipeline......
2026-02-17 11:45:58,253 - INFO - Database connection established
2026-02-17 11:45:58,465 - ERROR - Pipeline failed
2026-02-17 12:36:09,510 - INFO - Starting data load pipeline......
2026-02-17 12:36:10,410 - INFO - Database connection established
2026-02-17 12:36:10,581 - ERROR - Pipeline failed
2026-02-17 12:38:33,202 - INFO - Starting data load pipeline......
2026-02-17 12:38:33,755 - INFO - Database connection established
2026-02-17 12:38:34,012 - ERROR - Pipeline failed
2026-02-17 12:39:25,776 - INFO - Starting data load pipeline......
2026-02-17 12:39:26,326 - INFO - Database connection established
2026-02-17 12:39:26,891 - ERROR - Pipeline failed
2026-02-17 12:56:39,232 - INFO - Starting data load pipeline......
2026-02-17 12:56:41,448 - INFO - Database connection established
2026-02-17 12:56:45,104 - INFO - CSV loaded to database successfully
2026-02-17 12:56:45,293 - ERROR - Pipeline failed
2026-02-17 12:57:38,355 - INFO - Starting data load pipeline......
2026-02-17 12:57:38,905 - INFO - Database connection established
2026-02-17 12:57:42,326 - INFO - CSV loaded to database successfully
2026-02-17 12:57:43,293 - INFO - Pipeline completed
2026-02-17 12:57:43,421 - INFO - Data loading complete
2026-02-17 12:57:43,422 - INFO - Starting automated eda pipeline......
2026-02-17 12:57:44,427 - ERROR - Pipeline failed
2026-02-17 13:49:14,189 - INFO - Starting data load pipeline......
2026-02-17 13:49:14,824 - INFO - Database connection established
2026-02-17 13:49:18,689 - INFO - CSV loaded to database successfully
2026-02-17 13:49:18,873 - INFO - View created
2026-02-17 13:49:18,959 - INFO - Data loading complete
2026-02-17 13:49:18,959 - INFO - Starting automated eda pipeline......
2026-02-17 13:49:19,816 - ERROR - Pipeline failed
2026-02-20 11:02:03,752 - INFO - Starting data load pipeline......
2026-02-20 11:02:07,187 - INFO - Database connection established
2026-02-20 11:02:12,538 - INFO - CSV loaded to database successfully
2026-02-20 11:02:12,789 - INFO - View created
2026-02-20 11:02:12,894 - INFO - Data loading complete
2026-02-20 11:02:12,894 - INFO - Starting automated eda pipeline......
2026-02-20 11:02:14,329 - ERROR - Pipeline failed
2026-02-20 11:16:14,946 - INFO - Starting data load pipeline......
2026-02-20 11:16:15,671 - INFO - Database connection established
2026-02-20 11:16:19,834 - INFO - CSV loaded to database successfully
2026-02-20 11:16:20,046 - INFO - View created
2026-02-20 11:16:20,149 - INFO - Data loading complete
2026-02-20 11:16:20,149 - INFO - Starting automated eda pipeline......
2026-02-20 11:16:21,201 - ERROR - Pipeline failed
2026-02-20 11:24:42,830 - INFO - Starting data load pipeline......
2026-02-20 11:24:43,578 - INFO - Database connection established
2026-02-20 11:24:44,097 - ERROR - Pipeline failed
2026-02-20 11:57:00,158 - INFO - Starting data load pipeline......
2026-02-20 11:57:00,971 - INFO - Database connection established
2026-02-20 11:57:06,295 - INFO - CSV loaded to database successfully
2026-02-20 11:57:06,523 - INFO - View created
2026-02-20 11:57:06,616 - INFO - Data loading complete
2026-02-20 11:57:06,616 - INFO - Starting automated eda pipeline......
2026-02-20 11:57:07,772 - INFO - Query converted to excel sheet
2026-02-20 11:57:07,885 - INFO - Automated EDA complete
2026-02-20 12:31:04,929 - INFO - Starting data load pipeline......
2026-02-20 12:31:05,950 - INFO - Database connection established
2026-02-20 12:31:06,523 - ERROR - Pipeline failed
2026-02-20 12:47:28,547 - INFO - Starting data load pipeline......
2026-02-20 12:47:29,253 - INFO - Database connection established
2026-02-20 13:26:56,748 - INFO - Starting data load pipeline......
2026-02-20 13:26:57,557 - INFO - Database connection established
2026-02-20 13:26:58,683 - ERROR - Pipeline failed
2026-02-20 13:29:19,737 - INFO - Starting data load pipeline......
2026-02-20 13:29:20,318 - INFO - Database connection established
2026-02-20 13:30:07,513 - INFO - CSV loaded to database successfully
2026-02-20 13:30:07,744 - INFO - View created
2026-02-20 13:30:07,847 - INFO - Data loading complete
2026-02-20 13:30:07,847 - INFO - Starting automated eda pipeline......
2026-02-20 13:30:08,819 - ERROR - Pipeline failed
2026-02-20 13:35:46,505 - INFO - Starting data load pipeline......
2026-02-20 13:35:47,181 - INFO - Database connection established
2026-02-20 13:36:33,942 - INFO - CSV loaded to database successfully
2026-02-20 13:36:34,162 - INFO - View created
2026-02-20 13:36:34,268 - INFO - Data loading complete
2026-02-20 13:36:34,268 - INFO - Starting automated eda pipeline......
2026-02-20 13:36:35,148 - INFO - Query converted to excel sheet
2026-02-20 13:36:35,261 - INFO - Automated EDA complete
